eeschema (25-Oct-2014 BZR 4029)-stable  >> Creation date: Tue 06 Oct 2015 07:05:32 PM EDT
#Cmp ( order = Reference )
| C1         GRM188R61A106KE69D
| C2         GRM188R61A106KE69D
| C3         GRM155R71C104KA88D
| C4         C1005X5R1A105K050BB
| C5         VJ0402Y103KXJCW1BC
| C6         GRM155R71C104KA88D
| C7         GRM155R71C104KA88D
| C8         0402ZD475MAT2A
| C9         0402ZD475MAT2A
| C10        GRM155R71C104KA88D
| C11        UBC1E221MNS1GS
| C12        GRM1555C1H300FA01J
| C13        GRM1555C1H300FA01J
| D1         720-LYQ396P1Q236
| J10H-GPIO1 10PINHEADER-GPIO
| J4H-CAN1   4PINHEADER-CAN
| J4H-CAN2   4PINHEADER-CAN
| J4H-CAN3   4PINHEADER-CAN
| J4H-CAN4   4PINHEADER-CAN
| J4H-CAN5   4PINHEADER-CAN
| J4H-CAN6   4PINHEADER-CAN
| J4H-CAN7   4PINHEADER-CAN
| J4H-CAN8   4PINHEADER-CAN
| J4H-CAN9   4PINHEADER-CAN
| J4H-CAN10  4PINHEADER-CAN
| J4H-I2C1   4PINHEADER-I2C
| J4H-I2C2   4PINHEADER-I2C
| J4H-I2C3   4PINHEADER-I2C
| J4H-I2C4   4PINHEADER-I2C
| J4H-I2C5   4PINHEADER-I2C
| J4H-I2C6   4PINHEADER-I2C
| J4H-I2C7   4PINHEADER-I2C
| J4H-I2C8   4PINHEADER-I2C
| J4H-I2C9   4PINHEADER-I2C
| J4H-I2C10  4PINHEADER-I2C
| J6H1       6PINHEADER  
| MCU1       STM32F072C8T6
| Q1         DMP3099L-7  
| Q2         DMP3099L-7  
| R1         RR0510P-101-D
| R2         RR0510P-103-D
| R3         RR0510P-121-D
| R4         RR0510P-102-D
| R5         RR0510P-102-D
| SW1        PTS810 SJM 250 SMTR LFS
| SW2        PTS810 SJM 250 SMTR LFS
| TFJ1       TJF1051T/3  
| U1         NCP1117ST33T3G
| USB1       USB-MICRO-CON
| X1         ABLS-8.000MHZ-B4-T
#End Cmp

#Cmp ( order = Value )
| GRM188R61A106KE69D C1        
| GRM188R61A106KE69D C2        
| GRM155R71C104KA88D C3        
| C1005X5R1A105K050BB C4        
| VJ0402Y103KXJCW1BC C5        
| GRM155R71C104KA88D C6        
| GRM155R71C104KA88D C7        
| 0402ZD475MAT2A C8        
| 0402ZD475MAT2A C9        
| GRM155R71C104KA88D C10       
| UBC1E221MNS1GS C11       
| GRM1555C1H300FA01J C12       
| GRM1555C1H300FA01J C13       
| 720-LYQ396P1Q236 D1        
| 10PINHEADER-GPIO J10H-GPIO1
| 4PINHEADER-CAN J4H-CAN1  
| 4PINHEADER-CAN J4H-CAN2  
| 4PINHEADER-CAN J4H-CAN3  
| 4PINHEADER-CAN J4H-CAN4  
| 4PINHEADER-CAN J4H-CAN5  
| 4PINHEADER-CAN J4H-CAN6  
| 4PINHEADER-CAN J4H-CAN7  
| 4PINHEADER-CAN J4H-CAN8  
| 4PINHEADER-CAN J4H-CAN9  
| 4PINHEADER-CAN J4H-CAN10 
| 4PINHEADER-I2C J4H-I2C1  
| 4PINHEADER-I2C J4H-I2C2  
| 4PINHEADER-I2C J4H-I2C3  
| 4PINHEADER-I2C J4H-I2C4  
| 4PINHEADER-I2C J4H-I2C5  
| 4PINHEADER-I2C J4H-I2C6  
| 4PINHEADER-I2C J4H-I2C7  
| 4PINHEADER-I2C J4H-I2C8  
| 4PINHEADER-I2C J4H-I2C9  
| 4PINHEADER-I2C J4H-I2C10 
| 6PINHEADER   J6H1      
| STM32F072C8T6 MCU1      
| DMP3099L-7   Q1        
| DMP3099L-7   Q2        
| RR0510P-101-D R1        
| RR0510P-103-D R2        
| RR0510P-121-D R3        
| RR0510P-102-D R4        
| RR0510P-102-D R5        
| PTS810 SJM 250 SMTR LFS SW1       
| PTS810 SJM 250 SMTR LFS SW2       
| TJF1051T/3   TFJ1      
| NCP1117ST33T3G U1        
| USB-MICRO-CON USB1      
| ABLS-8.000MHZ-B4-T X1        
#End Cmp

#End List
